This is pdfTeX, Version 3.141592653-2.6-1.40.29 (TeX Live 2026) (preloaded format=pdflatex 2026.3.22)  24 APR 2026 14:43
entering extended mode
 restricted \write18 enabled.
 file:line:error style messages enabled.
 %&-line parsing enabled.
**index.md
(./index.md
LaTeX2e <2025-11-01>
L3 programming layer <2026-01-19>
./index.md:1: You can't use `macro parameter character #' in vertical mode.
l.1 #
      Welcome to MkDocs
? 
./index.md:1: Emergency stop.
l.1 
    
End of file on the terminal!

 
Here is how much of TeX's memory you used:
 14 strings out of 467525
 332 string characters out of 5418982
 433756 words of memory out of 5000000
 29024 multiletter control sequences out of 15000+600000
 627721 words of font info for 40 fonts, out of 8000000 for 9000
 1141 hyphenation exceptions out of 8191
 12i,0n,13p,59b,8s stack positions out of 10000i,1000n,20000p,200000b,200000s
./index.md:1:  ==> Fatal error occurred, no output PDF file produced!
